  Determining projects to restore...
  All projects are up-to-date for restore.
C:\Users\ASUS\OneDrive - islingtoncollege.edu.np\Application Development\Journal\Journal\Components\Pages\Home.razor(12,79): error RZ1030: TagHelper attributes must be well-formed. [C:\Users\ASUS\OneDrive - islingtoncollege.edu.np\Application Development\Journal\Journal\Journal.csproj]
C:\Users\ASUS\OneDrive - islingtoncollege.edu.np\Application Development\Journal\Journal\obj\Debug\net9.0-windows10.0.19041.0\win10-x64\Microsoft.CodeAnalysis.Razor.Compiler\Microsoft.NET.Sdk.Razor.SourceGenerators.RazorSourceGenerator\Components_Pages_Home_razor.g.cs(130,15): error CS1026: ) expected [C:\Users\ASUS\OneDrive - islingtoncollege.edu.np\Application Development\Journal\Journal\Journal.csproj]
C:\Users\ASUS\OneDrive - islingtoncollege.edu.np\Application Development\Journal\Journal\Components\Pages\Home.razor(12,67): error CS1501: No overload for method 'NavigateTo' takes 0 arguments [C:\Users\ASUS\OneDrive - islingtoncollege.edu.np\Application Development\Journal\Journal\Journal.csproj]

Build FAILED.

C:\Users\ASUS\OneDrive - islingtoncollege.edu.np\Application Development\Journal\Journal\Components\Pages\Home.razor(12,79): error RZ1030: TagHelper attributes must be well-formed. [C:\Users\ASUS\OneDrive - islingtoncollege.edu.np\Application Development\Journal\Journal\Journal.csproj]
C:\Users\ASUS\OneDrive - islingtoncollege.edu.np\Application Development\Journal\Journal\obj\Debug\net9.0-windows10.0.19041.0\win10-x64\Microsoft.CodeAnalysis.Razor.Compiler\Microsoft.NET.Sdk.Razor.SourceGenerators.RazorSourceGenerator\Components_Pages_Home_razor.g.cs(130,15): error CS1026: ) expected [C:\Users\ASUS\OneDrive - islingtoncollege.edu.np\Application Development\Journal\Journal\Journal.csproj]
C:\Users\ASUS\OneDrive - islingtoncollege.edu.np\Application Development\Journal\Journal\Components\Pages\Home.razor(12,67): error CS1501: No overload for method 'NavigateTo' takes 0 arguments [C:\Users\ASUS\OneDrive - islingtoncollege.edu.np\Application Development\Journal\Journal\Journal.csproj]
    0 Warning(s)
    3 Error(s)

Time Elapsed 00:00:09.12

Workload updates are available. Run `dotnet workload list` for more information.
