  Determining projects to restore...
  All projects are up-to-date for restore.
C:\Program Files\dotnet\sdk\9.0.308\Microsoft.Common.CurrentVersion.targets(5394,5): warning MSB3026: Could not copy "C:\Users\ASUS\OneDrive - islingtoncollege.edu.np\Application Development\Journal\Journal\obj\Debug\net9.0-windows10.0.19041.0\win10-x64\apphost.exe" to "bin\Debug\net9.0-windows10.0.19041.0\win10-x64\Journal.exe". Beginning retry 1 in 1000ms. The process cannot access the file 'C:\Users\ASUS\OneDrive - islingtoncollege.edu.np\Application Development\Journal\Journal\bin\Debug\net9.0-windows10.0.19041.0\win10-x64\Journal.exe' because it is being used by another process. The file is locked by: "Journal (32248)" [C:\Users\ASUS\OneDrive - islingtoncollege.edu.np\Application Development\Journal\Journal\Journal.csproj]
C:\Program Files\dotnet\sdk\9.0.308\Microsoft.Common.CurrentVersion.targets(5394,5): warning MSB3026: Could not copy "C:\Users\ASUS\OneDrive - islingtoncollege.edu.np\Application Development\Journal\Journal\obj\Debug\net9.0-windows10.0.19041.0\win10-x64\apphost.exe" to "bin\Debug\net9.0-windows10.0.19041.0\win10-x64\Journal.exe". Beginning retry 2 in 1000ms. The process cannot access the file 'C:\Users\ASUS\OneDrive - islingtoncollege.edu.np\Application Development\Journal\Journal\bin\Debug\net9.0-windows10.0.19041.0\win10-x64\Journal.exe' because it is being used by another process. The file is locked by: "Journal (32248)" [C:\Users\ASUS\OneDrive - islingtoncollege.edu.np\Application Development\Journal\Journal\Journal.csproj]
C:\Program Files\dotnet\sdk\9.0.308\Microsoft.Common.CurrentVersion.targets(5394,5): warning MSB3026: Could not copy "C:\Users\ASUS\OneDrive - islingtoncollege.edu.np\Application Development\Journal\Journal\obj\Debug\net9.0-windows10.0.19041.0\win10-x64\apphost.exe" to "bin\Debug\net9.0-windows10.0.19041.0\win10-x64\Journal.exe". Beginning retry 3 in 1000ms. The process cannot access the file 'C:\Users\ASUS\OneDrive - islingtoncollege.edu.np\Application Development\Journal\Journal\bin\Debug\net9.0-windows10.0.19041.0\win10-x64\Journal.exe' because it is being used by another process. The file is locked by: "Journal (32248)" [C:\Users\ASUS\OneDrive - islingtoncollege.edu.np\Application Development\Journal\Journal\Journal.csproj]
C:\Program Files\dotnet\sdk\9.0.308\Microsoft.Common.CurrentVersion.targets(5394,5): warning MSB3026: Could not copy "C:\Users\ASUS\OneDrive - islingtoncollege.edu.np\Application Development\Journal\Journal\obj\Debug\net9.0-windows10.0.19041.0\win10-x64\apphost.exe" to "bin\Debug\net9.0-windows10.0.19041.0\win10-x64\Journal.exe". Beginning retry 4 in 1000ms. The process cannot access the file 'C:\Users\ASUS\OneDrive - islingtoncollege.edu.np\Application Development\Journal\Journal\bin\Debug\net9.0-windows10.0.19041.0\win10-x64\Journal.exe' because it is being used by another process. The file is locked by: "Journal (32248)" [C:\Users\ASUS\OneDrive - islingtoncollege.edu.np\Application Development\Journal\Journal\Journal.csproj]
C:\Program Files\dotnet\sdk\9.0.308\Microsoft.Common.CurrentVersion.targets(5394,5): warning MSB3026: Could not copy "C:\Users\ASUS\OneDrive - islingtoncollege.edu.np\Application Development\Journal\Journal\obj\Debug\net9.0-windows10.0.19041.0\win10-x64\apphost.exe" to "bin\Debug\net9.0-windows10.0.19041.0\win10-x64\Journal.exe". Beginning retry 5 in 1000ms. The process cannot access the file 'C:\Users\ASUS\OneDrive - islingtoncollege.edu.np\Application Development\Journal\Journal\bin\Debug\net9.0-windows10.0.19041.0\win10-x64\Journal.exe' because it is being used by another process. The file is locked by: "Journal (32248)" [C:\Users\ASUS\OneDrive - islingtoncollege.edu.np\Application Development\Journal\Journal\Journal.csproj]
C:\Program Files\dotnet\sdk\9.0.308\Microsoft.Common.CurrentVersion.targets(5394,5): warning MSB3026: Could not copy "C:\Users\ASUS\OneDrive - islingtoncollege.edu.np\Application Development\Journal\Journal\obj\Debug\net9.0-windows10.0.19041.0\win10-x64\apphost.exe" to "bin\Debug\net9.0-windows10.0.19041.0\win10-x64\Journal.exe". Beginning retry 6 in 1000ms. The process cannot access the file 'C:\Users\ASUS\OneDrive - islingtoncollege.edu.np\Application Development\Journal\Journal\bin\Debug\net9.0-windows10.0.19041.0\win10-x64\Journal.exe' because it is being used by another process. The file is locked by: "Journal (32248)" [C:\Users\ASUS\OneDrive - islingtoncollege.edu.np\Application Development\Journal\Journal\Journal.csproj]
C:\Program Files\dotnet\sdk\9.0.308\Microsoft.Common.CurrentVersion.targets(5394,5): warning MSB3026: Could not copy "C:\Users\ASUS\OneDrive - islingtoncollege.edu.np\Application Development\Journal\Journal\obj\Debug\net9.0-windows10.0.19041.0\win10-x64\apphost.exe" to "bin\Debug\net9.0-windows10.0.19041.0\win10-x64\Journal.exe". Beginning retry 7 in 1000ms. The process cannot access the file 'C:\Users\ASUS\OneDrive - islingtoncollege.edu.np\Application Development\Journal\Journal\bin\Debug\net9.0-windows10.0.19041.0\win10-x64\Journal.exe' because it is being used by another process. The file is locked by: "Journal (32248)" [C:\Users\ASUS\OneDrive - islingtoncollege.edu.np\Application Development\Journal\Journal\Journal.csproj]
C:\Program Files\dotnet\sdk\9.0.308\Microsoft.Common.CurrentVersion.targets(5394,5): warning MSB3026: Could not copy "C:\Users\ASUS\OneDrive - islingtoncollege.edu.np\Application Development\Journal\Journal\obj\Debug\net9.0-windows10.0.19041.0\win10-x64\apphost.exe" to "bin\Debug\net9.0-windows10.0.19041.0\win10-x64\Journal.exe". Beginning retry 8 in 1000ms. The process cannot access the file 'C:\Users\ASUS\OneDrive - islingtoncollege.edu.np\Application Development\Journal\Journal\bin\Debug\net9.0-windows10.0.19041.0\win10-x64\Journal.exe' because it is being used by another process. The file is locked by: "Journal (32248)" [C:\Users\ASUS\OneDrive - islingtoncollege.edu.np\Application Development\Journal\Journal\Journal.csproj]
C:\Program Files\dotnet\sdk\9.0.308\Microsoft.Common.CurrentVersion.targets(5394,5): warning MSB3026: Could not copy "C:\Users\ASUS\OneDrive - islingtoncollege.edu.np\Application Development\Journal\Journal\obj\Debug\net9.0-windows10.0.19041.0\win10-x64\apphost.exe" to "bin\Debug\net9.0-windows10.0.19041.0\win10-x64\Journal.exe". Beginning retry 9 in 1000ms. The process cannot access the file 'C:\Users\ASUS\OneDrive - islingtoncollege.edu.np\Application Development\Journal\Journal\bin\Debug\net9.0-windows10.0.19041.0\win10-x64\Journal.exe' because it is being used by another process. The file is locked by: "Journal (32248)" [C:\Users\ASUS\OneDrive - islingtoncollege.edu.np\Application Development\Journal\Journal\Journal.csproj]
C:\Program Files\dotnet\sdk\9.0.308\Microsoft.Common.CurrentVersion.targets(5394,5): warning MSB3026: Could not copy "C:\Users\ASUS\OneDrive - islingtoncollege.edu.np\Application Development\Journal\Journal\obj\Debug\net9.0-windows10.0.19041.0\win10-x64\apphost.exe" to "bin\Debug\net9.0-windows10.0.19041.0\win10-x64\Journal.exe". Beginning retry 10 in 1000ms. The process cannot access the file 'C:\Users\ASUS\OneDrive - islingtoncollege.edu.np\Application Development\Journal\Journal\bin\Debug\net9.0-windows10.0.19041.0\win10-x64\Journal.exe' because it is being used by another process. The file is locked by: "Journal (32248)" [C:\Users\ASUS\OneDrive - islingtoncollege.edu.np\Application Development\Journal\Journal\Journal.csproj]
C:\Program Files\dotnet\sdk\9.0.308\Microsoft.Common.CurrentVersion.targets(5394,5): error MSB3027: Could not copy "C:\Users\ASUS\OneDrive - islingtoncollege.edu.np\Application Development\Journal\Journal\obj\Debug\net9.0-windows10.0.19041.0\win10-x64\apphost.exe" to "bin\Debug\net9.0-windows10.0.19041.0\win10-x64\Journal.exe". Exceeded retry count of 10. Failed. The file is locked by: "Journal (32248)" [C:\Users\ASUS\OneDrive - islingtoncollege.edu.np\Application Development\Journal\Journal\Journal.csproj]
C:\Program Files\dotnet\sdk\9.0.308\Microsoft.Common.CurrentVersion.targets(5394,5): error MSB3021: Unable to copy file "C:\Users\ASUS\OneDrive - islingtoncollege.edu.np\Application Development\Journal\Journal\obj\Debug\net9.0-windows10.0.19041.0\win10-x64\apphost.exe" to "bin\Debug\net9.0-windows10.0.19041.0\win10-x64\Journal.exe". The process cannot access the file 'C:\Users\ASUS\OneDrive - islingtoncollege.edu.np\Application Development\Journal\Journal\bin\Debug\net9.0-windows10.0.19041.0\win10-x64\Journal.exe' because it is being used by another process. [C:\Users\ASUS\OneDrive - islingtoncollege.edu.np\Application Development\Journal\Journal\Journal.csproj]

Build FAILED.

C:\Program Files\dotnet\sdk\9.0.308\Microsoft.Common.CurrentVersion.targets(5394,5): warning MSB3026: Could not copy "C:\Users\ASUS\OneDrive - islingtoncollege.edu.np\Application Development\Journal\Journal\obj\Debug\net9.0-windows10.0.19041.0\win10-x64\apphost.exe" to "bin\Debug\net9.0-windows10.0.19041.0\win10-x64\Journal.exe". Beginning retry 1 in 1000ms. The process cannot access the file 'C:\Users\ASUS\OneDrive - islingtoncollege.edu.np\Application Development\Journal\Journal\bin\Debug\net9.0-windows10.0.19041.0\win10-x64\Journal.exe' because it is being used by another process. The file is locked by: "Journal (32248)" [C:\Users\ASUS\OneDrive - islingtoncollege.edu.np\Application Development\Journal\Journal\Journal.csproj]
C:\Program Files\dotnet\sdk\9.0.308\Microsoft.Common.CurrentVersion.targets(5394,5): warning MSB3026: Could not copy "C:\Users\ASUS\OneDrive - islingtoncollege.edu.np\Application Development\Journal\Journal\obj\Debug\net9.0-windows10.0.19041.0\win10-x64\apphost.exe" to "bin\Debug\net9.0-windows10.0.19041.0\win10-x64\Journal.exe". Beginning retry 2 in 1000ms. The process cannot access the file 'C:\Users\ASUS\OneDrive - islingtoncollege.edu.np\Application Development\Journal\Journal\bin\Debug\net9.0-windows10.0.19041.0\win10-x64\Journal.exe' because it is being used by another process. The file is locked by: "Journal (32248)" [C:\Users\ASUS\OneDrive - islingtoncollege.edu.np\Application Development\Journal\Journal\Journal.csproj]
C:\Program Files\dotnet\sdk\9.0.308\Microsoft.Common.CurrentVersion.targets(5394,5): warning MSB3026: Could not copy "C:\Users\ASUS\OneDrive - islingtoncollege.edu.np\Application Development\Journal\Journal\obj\Debug\net9.0-windows10.0.19041.0\win10-x64\apphost.exe" to "bin\Debug\net9.0-windows10.0.19041.0\win10-x64\Journal.exe". Beginning retry 3 in 1000ms. The process cannot access the file 'C:\Users\ASUS\OneDrive - islingtoncollege.edu.np\Application Development\Journal\Journal\bin\Debug\net9.0-windows10.0.19041.0\win10-x64\Journal.exe' because it is being used by another process. The file is locked by: "Journal (32248)" [C:\Users\ASUS\OneDrive - islingtoncollege.edu.np\Application Development\Journal\Journal\Journal.csproj]
C:\Program Files\dotnet\sdk\9.0.308\Microsoft.Common.CurrentVersion.targets(5394,5): warning MSB3026: Could not copy "C:\Users\ASUS\OneDrive - islingtoncollege.edu.np\Application Development\Journal\Journal\obj\Debug\net9.0-windows10.0.19041.0\win10-x64\apphost.exe" to "bin\Debug\net9.0-windows10.0.19041.0\win10-x64\Journal.exe". Beginning retry 4 in 1000ms. The process cannot access the file 'C:\Users\ASUS\OneDrive - islingtoncollege.edu.np\Application Development\Journal\Journal\bin\Debug\net9.0-windows10.0.19041.0\win10-x64\Journal.exe' because it is being used by another process. The file is locked by: "Journal (32248)" [C:\Users\ASUS\OneDrive - islingtoncollege.edu.np\Application Development\Journal\Journal\Journal.csproj]
C:\Program Files\dotnet\sdk\9.0.308\Microsoft.Common.CurrentVersion.targets(5394,5): warning MSB3026: Could not copy "C:\Users\ASUS\OneDrive - islingtoncollege.edu.np\Application Development\Journal\Journal\obj\Debug\net9.0-windows10.0.19041.0\win10-x64\apphost.exe" to "bin\Debug\net9.0-windows10.0.19041.0\win10-x64\Journal.exe". Beginning retry 5 in 1000ms. The process cannot access the file 'C:\Users\ASUS\OneDrive - islingtoncollege.edu.np\Application Development\Journal\Journal\bin\Debug\net9.0-windows10.0.19041.0\win10-x64\Journal.exe' because it is being used by another process. The file is locked by: "Journal (32248)" [C:\Users\ASUS\OneDrive - islingtoncollege.edu.np\Application Development\Journal\Journal\Journal.csproj]
C:\Program Files\dotnet\sdk\9.0.308\Microsoft.Common.CurrentVersion.targets(5394,5): warning MSB3026: Could not copy "C:\Users\ASUS\OneDrive - islingtoncollege.edu.np\Application Development\Journal\Journal\obj\Debug\net9.0-windows10.0.19041.0\win10-x64\apphost.exe" to "bin\Debug\net9.0-windows10.0.19041.0\win10-x64\Journal.exe". Beginning retry 6 in 1000ms. The process cannot access the file 'C:\Users\ASUS\OneDrive - islingtoncollege.edu.np\Application Development\Journal\Journal\bin\Debug\net9.0-windows10.0.19041.0\win10-x64\Journal.exe' because it is being used by another process. The file is locked by: "Journal (32248)" [C:\Users\ASUS\OneDrive - islingtoncollege.edu.np\Application Development\Journal\Journal\Journal.csproj]
C:\Program Files\dotnet\sdk\9.0.308\Microsoft.Common.CurrentVersion.targets(5394,5): warning MSB3026: Could not copy "C:\Users\ASUS\OneDrive - islingtoncollege.edu.np\Application Development\Journal\Journal\obj\Debug\net9.0-windows10.0.19041.0\win10-x64\apphost.exe" to "bin\Debug\net9.0-windows10.0.19041.0\win10-x64\Journal.exe". Beginning retry 7 in 1000ms. The process cannot access the file 'C:\Users\ASUS\OneDrive - islingtoncollege.edu.np\Application Development\Journal\Journal\bin\Debug\net9.0-windows10.0.19041.0\win10-x64\Journal.exe' because it is being used by another process. The file is locked by: "Journal (32248)" [C:\Users\ASUS\OneDrive - islingtoncollege.edu.np\Application Development\Journal\Journal\Journal.csproj]
C:\Program Files\dotnet\sdk\9.0.308\Microsoft.Common.CurrentVersion.targets(5394,5): warning MSB3026: Could not copy "C:\Users\ASUS\OneDrive - islingtoncollege.edu.np\Application Development\Journal\Journal\obj\Debug\net9.0-windows10.0.19041.0\win10-x64\apphost.exe" to "bin\Debug\net9.0-windows10.0.19041.0\win10-x64\Journal.exe". Beginning retry 8 in 1000ms. The process cannot access the file 'C:\Users\ASUS\OneDrive - islingtoncollege.edu.np\Application Development\Journal\Journal\bin\Debug\net9.0-windows10.0.19041.0\win10-x64\Journal.exe' because it is being used by another process. The file is locked by: "Journal (32248)" [C:\Users\ASUS\OneDrive - islingtoncollege.edu.np\Application Development\Journal\Journal\Journal.csproj]
C:\Program Files\dotnet\sdk\9.0.308\Microsoft.Common.CurrentVersion.targets(5394,5): warning MSB3026: Could not copy "C:\Users\ASUS\OneDrive - islingtoncollege.edu.np\Application Development\Journal\Journal\obj\Debug\net9.0-windows10.0.19041.0\win10-x64\apphost.exe" to "bin\Debug\net9.0-windows10.0.19041.0\win10-x64\Journal.exe". Beginning retry 9 in 1000ms. The process cannot access the file 'C:\Users\ASUS\OneDrive - islingtoncollege.edu.np\Application Development\Journal\Journal\bin\Debug\net9.0-windows10.0.19041.0\win10-x64\Journal.exe' because it is being used by another process. The file is locked by: "Journal (32248)" [C:\Users\ASUS\OneDrive - islingtoncollege.edu.np\Application Development\Journal\Journal\Journal.csproj]
C:\Program Files\dotnet\sdk\9.0.308\Microsoft.Common.CurrentVersion.targets(5394,5): warning MSB3026: Could not copy "C:\Users\ASUS\OneDrive - islingtoncollege.edu.np\Application Development\Journal\Journal\obj\Debug\net9.0-windows10.0.19041.0\win10-x64\apphost.exe" to "bin\Debug\net9.0-windows10.0.19041.0\win10-x64\Journal.exe". Beginning retry 10 in 1000ms. The process cannot access the file 'C:\Users\ASUS\OneDrive - islingtoncollege.edu.np\Application Development\Journal\Journal\bin\Debug\net9.0-windows10.0.19041.0\win10-x64\Journal.exe' because it is being used by another process. The file is locked by: "Journal (32248)" [C:\Users\ASUS\OneDrive - islingtoncollege.edu.np\Application Development\Journal\Journal\Journal.csproj]
C:\Program Files\dotnet\sdk\9.0.308\Microsoft.Common.CurrentVersion.targets(5394,5): error MSB3027: Could not copy "C:\Users\ASUS\OneDrive - islingtoncollege.edu.np\Application Development\Journal\Journal\obj\Debug\net9.0-windows10.0.19041.0\win10-x64\apphost.exe" to "bin\Debug\net9.0-windows10.0.19041.0\win10-x64\Journal.exe". Exceeded retry count of 10. Failed. The file is locked by: "Journal (32248)" [C:\Users\ASUS\OneDrive - islingtoncollege.edu.np\Application Development\Journal\Journal\Journal.csproj]
C:\Program Files\dotnet\sdk\9.0.308\Microsoft.Common.CurrentVersion.targets(5394,5): error MSB3021: Unable to copy file "C:\Users\ASUS\OneDrive - islingtoncollege.edu.np\Application Development\Journal\Journal\obj\Debug\net9.0-windows10.0.19041.0\win10-x64\apphost.exe" to "bin\Debug\net9.0-windows10.0.19041.0\win10-x64\Journal.exe". The process cannot access the file 'C:\Users\ASUS\OneDrive - islingtoncollege.edu.np\Application Development\Journal\Journal\bin\Debug\net9.0-windows10.0.19041.0\win10-x64\Journal.exe' because it is being used by another process. [C:\Users\ASUS\OneDrive - islingtoncollege.edu.np\Application Development\Journal\Journal\Journal.csproj]
    10 Warning(s)
    2 Error(s)

Time Elapsed 00:00:14.75

Workload updates are available. Run `dotnet workload list` for more information.
